=== RECONgame test suite (64 tests) ===
test_ai_fairness             TIMEOUT    120s <- HUNG: killed after 120s. A test that never exits reports nothing.
test_ai_stress_arena         FAIL     18.7s <- [NAV] warnings counted: 0
test_ally_cover_roll         PASS      2.1s 
test_ally_dressing           PASS      1.9s 
test_anim_library            PASS      1.8s 
test_anim_list               LEAK      1.6s <- resources leaked at exit (AUDIT-12)
test_anti_aa_sim             FAIL      103s <- ERROR: PaddyStamper: only 0 village anchors produced (floor=8). AO is malformed ƒ?" relax MIN_PADDY_AREA_CELLS, lower VILLAGE_GROUPING_RADIUS_M, or expand the grid's RICE_PADDY classification.
test_archetypes              PASS      2.6s 
test_arena_patrol            FAIL     40.1s <- nav polys: 1116 | off-map/bad-Y units: 0 | [NAV] warnings: 0
test_arena_perf              PASS     20.2s 
test_asset_probe             PASS      2.6s 
test_ballistics              PASS      1.5s 
test_bt_civilian             FAIL      1.5s <- ERROR: Condition "!is_inside_tree()" is true. Returning: Transform3D()
test_bullet_flight           LEAK      5.6s <- resources leaked at exit (AUDIT-12)
test_campaign_state          PASS      1.5s 
test_cas_sim                 PASS     28.3s 
test_crater                  PASS      7.1s 
test_detection               PASS      6.7s 
test_downed_enemy            PASS      1.9s 
test_exfil_sim               FAIL       24s <- ERROR: PaddyStamper: only 0 village anchors produced (floor=8). AO is malformed ƒ?" relax MIN_PADDY_AREA_CELLS, lower VILLAGE_GROUPING_RADIUS_M, or expand the grid's RICE_PADDY classification.
test_firebase_sim            FAIL     34.6s <- ERROR: 2 RID allocations of type 'N13RendererDummy15MaterialStorage13DummyMaterialE' were leaked at exit.
test_firefight_len           PASS     59.4s 
test_flat_damage             PASS      1.4s 
test_fossils                 FAIL      2.4s <- ERROR: FOSSIL LAW: 19 new dead symbol(s) - delete the old system, don't bury it.
test_full_loop               TIMEOUT    120s <- HUNG: killed after 120s. A test that never exits reports nothing.
test_generator               FAIL       12s <- ERROR: 2 RID allocations of type 'N13RendererDummy15MaterialStorage13DummyMaterialE' were leaked at exit.
test_gore_rig                LEAK      1.9s <- resources leaked at exit (AUDIT-12)
test_grid_queries            PASS      6.8s 
test_grunt_dresser           PASS      2.6s 
test_head_burst              PASS      1.6s 
test_hitzones                PASS      1.7s 
test_hub_loop                TIMEOUT    120s <- HUNG: killed after 120s. A test that never exits reports nothing.
test_huey_ride               FAIL     32.1s <- ERROR: PaddyStamper: only 0 village anchors produced (floor=8). AO is malformed ƒ?" relax MIN_PADDY_AREA_CELLS, lower VILLAGE_GROUPING_RADIUS_M, or expand the grid's RICE_PADDY classification.
test_huey_sim                PASS     27.6s 
test_los_determinism         PASS      1.4s 
test_low_posture             PASS      2.6s 
test_mirror_match            PASS       67s 
test_mission_plan            FAIL     10.7s <- ERROR: 2 RID allocations of type 'N13RendererDummy15MaterialStorage13DummyMaterialE' were leaked at exit.
test_mission_scope           PASS      1.5s 
test_mission_state           LEAK      2.6s <- resources leaked at exit (AUDIT-12)
test_model_actor_animations  PASS      5.6s 
test_model_scale             PASS      5.6s 
test_nav_path                PASS      8.2s 
test_paddy_stamper           FAIL      7.5s <- ERROR: 2 RID allocations of type 'N13RendererDummy15MaterialStorage13DummyMaterialE' were leaked at exit.
test_patrol_sim              FAIL     28.1s <- ERROR: 2 RID allocations of type 'N13RendererDummy15MaterialStorage13DummyMaterialE' were leaked at exit.
test_rescue_sim              FAIL     28.2s <- ERROR: PaddyStamper: only 0 village anchors produced (floor=8). AO is malformed ƒ?" relax MIN_PADDY_AREA_CELLS, lower VILLAGE_GROUPING_RADIUS_M, or expand the grid's RICE_PADDY classification.
test_save_roundtrip          PASS      1.4s 
test_scripted_events         PASS      2.7s 
test_seat_system             PASS      3.8s 
test_seed_replay             PASS      1.9s 
test_sensors                 PASS      4.2s 
test_site_stamp              PASS     21.3s 
test_skills                  LEAK      1.4s <- resources leaked at exit (AUDIT-12)
test_sprite_actor            FAIL      1.4s 
test_sprite_enemy            FAIL      2.5s 
test_sprite_manifest         FAIL      1.4s 
test_squad                   FAIL     31.6s 
test_squad_body_pool         PASS      1.4s 
test_terrain_relief_bounds   PASS     54.2s 
test_veg_cover               PASS      4.3s 
test_vehicle_kill            TIMEOUT    120s <- HUNG: killed after 120s. A test that never exits reports nothing.
test_village_sim             FAIL       31s <- ERROR: 2 RID allocations of type 'N13RendererDummy15MaterialStorage13DummyMaterialE' were leaked at exit.
test_world_alive             FAIL     69.4s <- ERROR: 2 RID allocations of type 'N13RendererDummy15MaterialStorage13DummyMaterialE' were leaked at exit.
test_world_boot              PASS      9.8s 
=== 36 PASS / 5 LEAK / 23 FAIL / 0 XFAIL / 4 TIMEOUT (of 64) ===
hung: test_ai_fairness, test_full_loop, test_hub_loop, test_vehicle_kill
leaks: test_anim_list, test_bullet_flight, test_gore_rig, test_mission_state, test_skills
